Source: /home/electron/Documents/GitHub/SentiLense/data/archive.zip, archive member: training.1600000.processed.noemoticon.csv, encoding: iso-8859-1
Inspected/preprocessed 200,000 source records
Inspected/preprocessed 400,000 source records
Inspected/preprocessed 600,000 source records
Inspected/preprocessed 800,000 source records
Inspected/preprocessed 1,000,000 source records
Inspected/preprocessed 1,200,000 source records
Inspected/preprocessed 1,400,000 source records
Inspected/preprocessed 1,600,000 source records
Cleaned data: 1,541,299 records; labels {'0': 774274, '4': 767025}
Stratified 70/10/20 splits: {'train': {'records': 1078909, 'negative': 541992, 'positive': 536917}, 'validation': {'records': 154130, 'negative': 77427, 'positive': 76703}, 'test': {'records': 308260, 'negative': 154855, 'positive': 153405}}
Fitting shared normalization + word unigram/bigram TF-IDF + Logistic Regression on TRAIN only
Fit complete in 121.5s; vocabulary 300,000
Validation-selected thresholds: negative <= 0.26, positive >= 0.75
{
  "test_metrics": {
    "records": 308260,
    "accuracy": 0.8261629793031856,
    "precision": 0.8199910239148555,
    "recall": 0.8337016394511261,
    "f1": 0.8267894949494949,
    "f1_macro": 0.826160704921556,
    "roc_auc": 0.9050041817892367,
    "brier_score": 0.12373342416855007,
    "metric_positive_class": "positive (1)",
    "binary_decision_threshold": 0.5,
    "confusion_matrix_labels": [
      "negative",
      "positive"
    ],
    "confusion_matrix": [
      [
        126779,
        28076
      ],
      [
        25511,
        127894
      ]
    ]
  },
  "uncertainty_policy_test": {
    "records": 308260,
    "negative_records": 111973,
    "positive_records": 110693,
    "neutral_uncertain_records": 85594,
    "coverage": 0.7223317978329982,
    "accepted_accuracy": 0.9021718627900084,
    "negative_precision": 0.9014762487385352,
    "positive_precision": 0.9028755205839575,
    "neutral_is_abstention": true
  },
  "examples": [
    {
      "text": "I absolutely love this!",
      "prediction": {
        "sentiment": "positive",
        "confidence": 0.9863024546716835,
        "scores": {
          "positive": 0.9863024546716835,
          "negative": 0.013697545328316463
        }
      }
    },
    {
      "text": "I hate this product.",
      "prediction": {
        "sentiment": "negative",
        "confidence": 0.9824294763943315,
        "scores": {
          "positive": 0.017570523605668437,
          "negative": 0.9824294763943315
        }
      }
    },
    {
      "text": "The product arrived yesterday.",
      "prediction": {
        "sentiment": "neutral",
        "confidence": 0.5887101758520643,
        "scores": {
          "positive": 0.41128982414793563,
          "negative": 0.5887101758520643
        }
      }
    }
  ]
}
Saved pipeline: /home/electron/Documents/GitHub/SentiLense/model/sentiment_pipeline.joblib; total elapsed 190.9s
