Downloaded config.json 747
Downloaded merges.txt 456318
Downloaded vocab.json 898822
Downloaded special_tokens_map.json 150
Downloaded pytorch_model.bin 498679497
Loading weights:   0%|          | 0/201 [00:00<?, ?it/s]Loading weights: 100%|██████████| 201/201 [00:00<00:00, 29434.23it/s]
Writing model shards:   0%|          | 0/1 [00:00<?, ?it/s]Writing model shards: 100%|██████████| 1/1 [00:00<00:00,  3.16it/s]Writing model shards: 100%|██████████| 1/1 [00:00<00:00,  3.16it/s]
Loading weights:   0%|          | 0/201 [00:00<?, ?it/s]Loading weights: 100%|██████████| 201/201 [00:00<00:00, 6283.30it/s]
RoBERTa 256/2000; elapsed 150.7s
RoBERTa 512/2000; elapsed 162.7s
RoBERTa 768/2000; elapsed 174.4s
RoBERTa 1024/2000; elapsed 187.5s
RoBERTa 1280/2000; elapsed 200.1s
RoBERTa 1536/2000; elapsed 212.8s
RoBERTa 1792/2000; elapsed 226.0s
RoBERTa 2000/2000; elapsed 236.2s
Fusion selection: 0.1 0.788 0.779192358806189
Fusion selection: 1.0 0.788 0.7796135725833233
Fusion selection: 10.0 0.792 0.7869630021845347
RoBERTa 256/12277; elapsed 249.0s
RoBERTa 512/12277; elapsed 260.3s
RoBERTa 768/12277; elapsed 272.4s
RoBERTa 1024/12277; elapsed 284.5s
RoBERTa 1280/12277; elapsed 295.7s
RoBERTa 1536/12277; elapsed 307.2s
RoBERTa 1792/12277; elapsed 319.2s
RoBERTa 2048/12277; elapsed 329.3s
RoBERTa 2304/12277; elapsed 340.9s
RoBERTa 2560/12277; elapsed 351.5s
RoBERTa 2816/12277; elapsed 363.8s
RoBERTa 3072/12277; elapsed 375.1s
RoBERTa 3328/12277; elapsed 386.8s
RoBERTa 3584/12277; elapsed 398.6s
RoBERTa 3840/12277; elapsed 410.4s
RoBERTa 4096/12277; elapsed 421.9s
RoBERTa 4352/12277; elapsed 433.9s
RoBERTa 4608/12277; elapsed 445.8s
RoBERTa 4864/12277; elapsed 456.9s
RoBERTa 5120/12277; elapsed 469.0s
RoBERTa 5376/12277; elapsed 479.9s
RoBERTa 5632/12277; elapsed 491.7s
RoBERTa 5888/12277; elapsed 503.6s
RoBERTa 6144/12277; elapsed 515.4s
RoBERTa 6400/12277; elapsed 527.0s
RoBERTa 6656/12277; elapsed 539.6s
RoBERTa 6912/12277; elapsed 550.9s
RoBERTa 7168/12277; elapsed 562.1s
RoBERTa 7424/12277; elapsed 573.4s
RoBERTa 7680/12277; elapsed 585.4s
RoBERTa 7936/12277; elapsed 596.0s
RoBERTa 8192/12277; elapsed 608.0s
RoBERTa 8448/12277; elapsed 618.7s
RoBERTa 8704/12277; elapsed 629.5s
RoBERTa 8960/12277; elapsed 640.8s
RoBERTa 9216/12277; elapsed 651.0s
RoBERTa 9472/12277; elapsed 662.1s
RoBERTa 9728/12277; elapsed 672.8s
RoBERTa 9984/12277; elapsed 683.7s
RoBERTa 10240/12277; elapsed 695.9s
RoBERTa 10496/12277; elapsed 707.1s
RoBERTa 10752/12277; elapsed 718.8s
RoBERTa 11008/12277; elapsed 730.2s
RoBERTa 11264/12277; elapsed 743.1s
RoBERTa 11520/12277; elapsed 754.2s
RoBERTa 11776/12277; elapsed 765.4s
RoBERTa 12032/12277; elapsed 777.3s
RoBERTa 12277/12277; elapsed 788.2s
/home/electron/Documents/GitHub/SentiLense/.venv/lib/python3.14/site-packages/sklearn/metrics/_classification.py:304: UserWarning: The y_prob values do not sum to one. Make sure to pass probabilities.
  warnings.warn(
{
  "test": {
    "records": 12277,
    "accuracy": 0.7142624419646494,
    "macro_f1": 0.715474974175895,
    "log_loss": 0.6226922311631994,
    "confusion_matrix": [
      [
        3117,
        751,
        100
      ],
      [
        1254,
        3827,
        853
      ],
      [
        53,
        497,
        1825
      ]
    ],
    "labels": [
      "negative",
      "neutral",
      "positive"
    ],
    "classification_report": {
      "negative": {
        "precision": 0.7045660036166366,
        "recall": 0.7855342741935484,
        "f1-score": 0.7428503336510963,
        "support": 3968.0
      },
      "neutral": {
        "precision": 0.7540886699507389,
        "recall": 0.644927536231884,
        "f1-score": 0.6952493414479063,
        "support": 5934.0
      },
      "positive": {
        "precision": 0.6569474442044636,
        "recall": 0.7684210526315789,
        "f1-score": 0.7083252474286823,
        "support": 2375.0
      },
      "accuracy": 0.7142624419646494,
      "macro avg": {
        "precision": 0.7052007059239463,
        "recall": 0.732960954352337,
        "f1-score": 0.715474974175895,
        "support": 12277.0
      },
      "weighted avg": {
        "precision": 0.7192905636412886,
        "recall": 0.7142624419646494,
        "f1-score": 0.7131638167893253,
        "support": 12277.0
      }
    }
  },
  "roberta_same_test": {
    "records": 12277,
    "accuracy": 0.7247698949254704,
    "macro_f1": 0.7241981398021077,
    "log_loss": 0.616400594697892,
    "confusion_matrix": [
      [
        3110,
        806,
        52
      ],
      [
        1218,
        4108,
        608
      ],
      [
        56,
        639,
        1680
      ]
    ],
    "labels": [
      "negative",
      "neutral",
      "positive"
    ],
    "classification_report": {
      "negative": {
        "precision": 0.7093978102189781,
        "recall": 0.7837701612903226,
        "f1-score": 0.7447318007662835,
        "support": 3968.0
      },
      "neutral": {
        "precision": 0.7397802989375113,
        "recall": 0.6922817660936973,
        "f1-score": 0.7152433185339949,
        "support": 5934.0
      },
      "positive": {
        "precision": 0.717948717948718,
        "recall": 0.7073684210526315,
        "f1-score": 0.7126193001060446,
        "support": 2375.0
      },
      "accuracy": 0.7247698949254704,
      "macro avg": {
        "precision": 0.7223756090350691,
        "recall": 0.7278067828122171,
        "f1-score": 0.7241981398021077,
        "support": 12277.0
      },
      "weighted avg": {
        "precision": 0.7257371515820071,
        "recall": 0.7247698949254704,
        "f1-score": 0.7242665533414674,
        "support": 12277.0
      }
    }
  },
  "model_dir": "/tmp/sentilense-fusion/model"
}
